cpe/airstrike target=acr.io/dotnet/aspnet@10.0.11 priority=high where= rule=production-critical crit=4 high=12 deployments=1 assessed=1 exposure=internal signals= inflight_checked=true tags=2.1.0
data-platform/data-mcp-tools target=docker.io/python@3.14.7 priority=urgent where= rule=exploited-fixable-critical crit=297 high=3019 deployments=1 assessed=1 exposure=internal signals=kev inflight_checked=true tags=789771
data-platform/topnotch target=docker.io/python@3.14.7 priority=urgent where=Production US rule=exploited-fixable-critical crit=296 high=3000 deployments=3 assessed=2 exposure=public signals=exposed+kev+unassessed inflight_checked=false tags=V3_20.905922,V3_20.907474,V3_20.913952
fdx/airstrike target=acr.io/dotnet/aspnet@10.0.11 priority=high where= rule=production-critical crit=4 high=12 deployments=1 assessed=1 exposure=internal signals= inflight_checked=true tags=2.1.0-fdx
